[www.kcl.ac.uk/index.html]
[backblue.gif]
[fade.gif]
[index.html]
[www.kcl.ac.uk/siteelements/2017/css/style.min1b57.css]
[www.kcl.ac.uk/SiteElements/2017/js/jquery-3.2.1.min3573.js]
[cdn.cookielaw.org/consent/167b1744-c18f-47c4-bd0c-e8420eacd9e1/OtAutoBlock.js]
[cdn.cookielaw.org/scripttemplates/otSDKStub.js]
[www.kcl.ac.uk/accommodation/index.7.delayed]
[www.kcl.ac.uk/study/home.html]
[www.kcl.ac.uk/study-legacy/executive-education/kings-professional-and-executive-development.8.delayed]
[www.kcl.ac.uk/study-legacy/executive-education/kings-professional-and-executive-development.html]
[www.kcl.ac.uk/international-foundation/index.b.delayed]
[www.kcl.ac.uk/pre-sessional/index.c.delayed]
[www.kcl.ac.uk/study/international.html]
[www.kcl.ac.uk/study/postgraduate-taught.html]
[www.kcl.ac.uk/short-courses/index.f.delayed]
[www.kcl.ac.uk/study-legacy/abroad/index.10.delayed]
[www.kcl.ac.uk/summer/index.11.delayed]
[www.kcl.ac.uk/study/undergraduate.html]
[www.kcl.ac.uk/visit/index.13.delayed]
[www.kcl.ac.uk/online-payments.html]
[www.kcl.ac.uk/students/index.16.delayed]
[www.kcl.ac.uk/careers/index.17.delayed]
[www.kcl.ac.uk/it/index.18.delayed]
[www.kcl.ac.uk/sport/index.19.delayed]
[www.kcl.ac.uk/study-legacy/learningteaching/Index.1a.delayed]
[www.kcl.ac.uk/library/index.1b.delayed]
[www.kcl.ac.uk/language-centre/index.1c.delayed]
[www.kcl.ac.uk/study-at-kings/student-services.1d.delayed]
[www.kcl.ac.uk/study-at-kings/student-services.html]
[www.kcl.ac.uk/research/index.20.delayed]
[www.kcl.ac.uk/research/work-with-kings/index.21.delayed]
[www.kcl.ac.uk/cultural/index.22.delayed]
[www.kcl.ac.uk/research/Innovation/index.23.delayed]
[www.kcl.ac.uk/research/our-research/index.24.delayed]
[www.kcl.ac.uk/faculties-departments.25.delayed]
[www.kcl.ac.uk/faculties-departments.html]
[www.kcl.ac.uk/artshums/index.28.delayed]
[www.kcl.ac.uk/business/index.29.delayed]
[www.kcl.ac.uk/dentistry/index.2a.delayed]
[www.kcl.ac.uk/law/index.2b.delayed]
[www.kcl.ac.uk/lsm/index.2c.delayed]
[www.kcl.ac.uk/nmes/index.2d.delayed]
[www.kcl.ac.uk/nmpc/index.2e.delayed]
[www.kcl.ac.uk/ioppn/index.2f.delayed]
[www.kcl.ac.uk/sspp/index.30.delayed]
[www.kcl.ac.uk/about/index.31.delayed]
[www.kcl.ac.uk/about/governance-policies-and-procedures/diversity-inclusivity.32.delayed]
[www.kcl.ac.uk/about/governance-policies-and-procedures/diversity-inclusivity.html]
[www.kcl.ac.uk/about/governance-policies-and-procedures/financial-information.35.delayed]
[www.kcl.ac.uk/about/governance-policies-and-procedures/financial-information.html]
[www.kcl.ac.uk/about/governance-policies-and-procedures/index.38.delayed]
[www.kcl.ac.uk/about/history.39.delayed]
[www.kcl.ac.uk/about/history.html]
[www.kcl.ac.uk/internationalisation/index.3c.delayed]
[www.kcl.ac.uk/about/work-at-kings/index.3d.delayed]
[www.kcl.ac.uk/about/strategy/index.3e.delayed]
[www.kcl.ac.uk/aboutkings/orgstructure/index.3f.delayed]
[www.kcl.ac.uk/about/our-people/index.40.delayed]
[www.kcl.ac.uk/aboutkings/quality/index.41.delayed]
[www.kcl.ac.uk/students/news.42.delayed]
[www.kcl.ac.uk/students/news.html]
[www.kcl.ac.uk/alumni/index.45.delayed]
[www.kcl.ac.uk/hr/diversity/index.46.delayed]
[www.kcl.ac.uk/siteelements/2017/js/glide.min.js]
[www.kcl.ac.uk/coronavirus/campus.html]
[www.kcl.ac.uk/newimages/landingpage/welcome-to-kings-2022.xc8d4a113.jpg]
[www.kcl.ac.uk/newimages/landingpage/welcome-to-kings-2022.xc8d4a113458f.jpg]
[www.kcl.ac.uk/new-students.html]
[www.kcl.ac.uk/study/undergraduate/index.html]
[www.kcl.ac.uk/SiteElements/2017/images/undergraduate.png]
[www.kcl.ac.uk/study/postgraduate/index.html]
[www.kcl.ac.uk/SiteElements/2017/images/postgraduate.png]
[www.kcl.ac.uk/SiteElements/2017/images/international.png]
[www.kcl.ac.uk/SiteElements/2017/images/student-life.png]
[www.kcl.ac.uk/student-experience/index.html]
[www.kcl.ac.uk/kings-edge/index.50.delayed]
[www.kcl.ac.uk/entrepreneurship/scale-your-venture/kings20-accelerator.51.delayed]
[www.kcl.ac.uk/entrepreneurship/scale-your-venture/kings20-accelerator.html]
[www.kcl.ac.uk/volunteering/index.54.delayed]
[www.kcl.ac.uk/image-library/press-photos/bush-house-view.jpg]
[www.kcl.ac.uk/research/our-research/partnerships/index.56.delayed]
[www.kcl.ac.uk/study-legacy/doctoral-studies/index.57.delayed]
[www.kcl.ac.uk/news.html]
[www.kcl.ac.uk/news/kings-hosts-south-london-listens-accountability-assembly.html]
[www.kcl.ac.uk/newimages/michael.xf60649772903.jpg]
[www.kcl.ac.uk/news/professor-bashir-m.html]
[www.kcl.ac.uk/newimages/bashir.xad0c092d29fc.jpg]
[www.kcl.ac.uk/news/youtube-partnership-tackles-mental-health.html]
[www.kcl.ac.uk/image-library/mind-of-the-matter-big.x047c6fea6bbe.png]
[www.kcl.ac.uk/events/index.html]
[www.kcl.ac.uk/events/early-modern-scholars-of-colour-network.html]
[www.kcl.ac.uk/newimages/ah/early-modern-scholars-hero-image.x7ba6083c6bbe.png]
[www.kcl.ac.uk/events/kings-expert-series-understanding-extremism.html]
[www.kcl.ac.uk/newimages/alumni/780x440/780-kes-extremism.x5ca2be016bbe.png]
[www.kcl.ac.uk/events/creative-skills-in-education.html]
[www.kcl.ac.uk/newimages/sspp/policy-institute/events/creative-schools-event.xb37143bd6bbe.jpg]
[www.kcl.ac.uk/events/julia-gillards-misogyny-speech-10-years-on-with-mary-beard-livestream.html]
[www.kcl.ac.uk/newimages/giwl/events/jg-mb-event.x855e160f6bbe.jpg]
[www.kcl.ac.uk/visit/index-2.html]
[www.kcl.ac.uk/london/index.html]
[www.kcl.ac.uk/cultural/index-2.html]
[www.kcl.ac.uk/study/postgraduate-research.html]
[www.kcl.ac.uk/student-experience.html]
[www.kcl.ac.uk/new-students/index.6c.delayed]
[www.kcl.ac.uk/news/index.6e.delayed]
[www.kcl.ac.uk/events/index.6f.delayed]
[www.kcl.ac.uk/SiteElements/2017/images/kcl-logo.svg]
[www.kcl.ac.uk/terms.html]
[www.kcl.ac.uk/terms/privacy.html]
[www.kcl.ac.uk/governancezone/finance/modern-slavery-act-transparency-statement.73.delayed]
[www.kcl.ac.uk/governancezone/finance/modern-slavery-act-transparency-statement.html]
[www.kcl.ac.uk/sitehelp/accessibility.html]
[www.kcl.ac.uk/sitehelp/cookie.html]
[s7.addthis.com/js/300/addthis_widget.js]
[www.kcl.ac.uk/SiteElements/2017/js/popper.min3573.js]
[www.kcl.ac.uk/SiteElements/2017/js/scripts.min3573.js]
[www.kcl.ac.uk/index.html]
[platform.twitter.com/widgets.js]
[www.kcl.ac.uk/SiteElements/2017/fonts/KingsBureauGrotesqueFiveOne-eot.eot]
[www.kcl.ac.uk/SiteElements/2017/fonts/KingsBureauGrotesqueFiveOne-eotd41d.eot]
[www.kcl.ac.uk/SiteElements/2017/fonts/KingsBureauGrotesqueFiveOne-woff.woff]
[www.kcl.ac.uk/SiteElements/2017/fonts/KingsBureauGrotesqueFiveOne-ttf.ttf]
[www.kcl.ac.uk/SiteElements/2017/fonts/KingsBureauGrotesqueThreeSeven-eot.eot]
[www.kcl.ac.uk/SiteElements/2017/fonts/KingsBureauGrotesqueThreeSeven-eotd41d.eot]
[www.kcl.ac.uk/SiteElements/2017/fonts/KingsBureauGrotesqueThreeSeven-woff.woff]
[www.kcl.ac.uk/SiteElements/2017/fonts/KingsBureauGrotesqueThreeSeven-svg.svg]
[www.kcl.ac.uk/SiteElements/2017/fonts/KingsCaslon-eot.eot]
[www.kcl.ac.uk/SiteElements/2017/fonts/KingsCaslon-eotd41d.eot]
[www.kcl.ac.uk/SiteElements/2017/fonts/KingsCaslon-woff.woff]
[www.kcl.ac.uk/SiteElements/2017/fonts/KingsCaslon-ttf.ttf]
[www.kcl.ac.uk/SiteElements/2017/fonts/KingsCaslon-svg.svg]
[www.kcl.ac.uk/SiteElements/2017/fonts/KingsCaslonSemiBold-eot.eot]
[www.kcl.ac.uk/SiteElements/2017/fonts/KingsCaslonSemiBold-eotd41d.eot]
[www.kcl.ac.uk/SiteElements/2017/fonts/KingsCaslonSemiBold-woff.woff]
[www.kcl.ac.uk/SiteElements/2017/fonts/KingsCaslonSemiBold-ttf.ttf]
[www.kcl.ac.uk/SiteElements/2017/fonts/KingsCaslonSemiBold-svg.svg]
[www.kcl.ac.uk/SiteElements/2017/fonts/KingsCaslonItalic-eot.eot]
[www.kcl.ac.uk/SiteElements/2017/fonts/KingsCaslonItalic-eotd41d.eot]
[www.kcl.ac.uk/SiteElements/2017/fonts/KingsCaslonItalic-woff.woff]
[www.kcl.ac.uk/SiteElements/2017/fonts/KingsCaslonItalic-ttf.ttf]
[www.kcl.ac.uk/SiteElements/2017/fonts/kcl-icons-eot5c4f.eot]
[www.kcl.ac.uk/SiteElements/2017/fonts/kcl-icons-woff25c4f.woff2]
[www.kcl.ac.uk/SiteElements/2017/fonts/kcl-icons-ttf5c4f.ttf]
[www.kcl.ac.uk/SiteElements/2017/fonts/kcl-icons-woff5c4f.woff]
[www.kcl.ac.uk/SiteElements/2017/fonts/kcl-icons-svg5c4f.svg]
[www.kcl.ac.uk/SiteElements/2017/images/marker.svg]
[www.kcl.ac.uk/SiteElements/2017/images/icon-email.svg]
[www.kcl.ac.uk/SiteElements/2017/images/icon-phone.svg]
[www.kcl.ac.uk/siteelements/2017/svg/giwl/infographic/1/world-map.svg]
[www.kcl.ac.uk/siteelements/2017/svg/giwl/infographic/common/chevron-left.svg]
[www.kcl.ac.uk/siteelements/2017/svg/giwl/infographic/common/chevron-right.svg]
[www.kcl.ac.uk/siteelements/2017/svg/giwl/infographic/2/icon-senior-managers.svg]
[www.kcl.ac.uk/siteelements/2017/svg/giwl/infographic/2/icon-ministers.svg]
[www.kcl.ac.uk/siteelements/2017/svg/giwl/infographic/2/icon-ict-specialists.svg]
[www.kcl.ac.uk/siteelements/2017/svg/giwl/infographic/4/icon-1.svg]
[www.kcl.ac.uk/siteelements/2017/svg/giwl/infographic/4/icon-2.svg]
[www.kcl.ac.uk/siteelements/2017/svg/giwl/infographic/4/icon-3.svg]
[www.kcl.ac.uk/siteelements/2017/svg/giwl/infographic/5/icon-1.svg]
[www.kcl.ac.uk/siteelements/2017/svg/giwl/infographic/5/icon-2.svg]
[www.kcl.ac.uk/siteelements/2017/svg/giwl/infographic/5/icon-3.svg]
[www.kcl.ac.uk/siteelements/2017/svg/giwl/infographic/1/icon-parliamentarians.svg]
[www.kcl.ac.uk/siteelements/2017/svg/giwl/infographic/1/icon-media-leaders.svg]
[www.kcl.ac.uk/siteelements/2017/svg/giwl/infographic/1/icon-judges.svg]
[www.kcl.ac.uk/siteelements/2017/svg/giwl/infographic/1/icon-senior-managers.svg]
[www.kcl.ac.uk/siteelements/2017/svg/giwl/infographic/1/icon-corporate-board.svg]
[www.kcl.ac.uk/siteelements/2017/svg/giwl/infographic/1/icon-it.svg]
[www.kcl.ac.uk/siteelements/2017/css/style.min1b57.css]
[www.googletagmanager.com/gtm5445.html]
[static.zdassets.com/web_widget/latest/classic/web-widget-7339-5cfa662.js]
[sc-static.net/scevent.min.js]
[tags.srv.stackadapt.com/events.js]
[analytics.tiktok.com/i18n/pixel/sdk.js]
[static.zdassets.com/web_widget/latest/chat-sdk.34475bc42f3df2dfabe9.chunk.js]
[c.office.com/cf1b3.gif]
[static.zdassets.com/web_widget/latest/lazy/web_widget.df767bc7a1ab781662a9.chunk.js]
[siteimproveanalytics.com/js/siteanalyze_63621.js]
[web.vortex.data.microsoft.com/collect/v1/t.js]
[c.bing.com/c.gif]
[static.zdassets.com/web_widget/latest/classic/web-widget-chat-sdk-5cfa662.js]
[cdn.akro.io/ak.min.js]
[opmuk.tfaforms.net/js/iframe_resize_helper.js]
[www.google-analytics.com/analytics.js]
[c.clarity.ms/c3757.gif]
[secure.quantserve.com/quant.js]
[cdn.akro.io/public/js/app-layout.min.js]
[live.tourdash.com/static/gen/base.packed.js]
[analytics.tiktok.com/i18n/pixel/config.js]
[static.zdassets.com/web_widget/latest/classic/web-widget-9252-5cfa662.js]
[cdn.cookielaw.org/consent/167b1744-c18f-47c4-bd0c-e8420eacd9e1/OtAutoBlock.js]
[www.googletagmanager.com/gtmccac.js]
[www.kcl.ac.uk/static/manifest.webmanifest]
[www.kcl.ac.uk/SiteElements/2017/fonts/kcl-icons-woff.woff]
[www.kcl.ac.uk/newimages/Foundations/hero-banner/how-to-apply.x9c5f5284b696.png]
[www.kcl.ac.uk/newimages/Foundations/hero-banner/how-to-apply.x9c5f52846bbe.png]
[polyfill.io/v3/polyfill.min7c88.js]
[www.kcl.ac.uk/static/img/kcl-logo9ff1.svg]
[www.kcl.ac.uk/summer.html]
[www.kcl.ac.uk/language-centre.html]
[www.kcl.ac.uk/accommodation.html]
[www.kcl.ac.uk/study/why-kings.html]
[www.kcl.ac.uk/study/outreach.html]
[www.kcl.ac.uk/students.html]
[www.kcl.ac.uk/library.html]
[www.kcl.ac.uk/careers.html]
[www.kcl.ac.uk/study-legacy/learningteaching.html]
[www.kcl.ac.uk/it.html]
[www.kcl.ac.uk/research.html]
[www.kcl.ac.uk/research/work-with-kings.html]
[www.kcl.ac.uk/artshums.html]
[www.kcl.ac.uk/law.html]
[www.kcl.ac.uk/nmpc.html]
[www.kcl.ac.uk/business.html]
[www.kcl.ac.uk/lsm.html]
[www.kcl.ac.uk/ioppn.html]
[www.kcl.ac.uk/nmes.html]
[www.kcl.ac.uk/dentistry.html]
[www.kcl.ac.uk/sspp.html]
[www.kcl.ac.uk/about.html]
[www.kcl.ac.uk/about/strategy.html]
[www.kcl.ac.uk/aboutkings/quality.html]
[www.kcl.ac.uk/internationalisation.html]
[www.kcl.ac.uk/aboutkings/orgstructure.html]
[www.kcl.ac.uk/about/governance-policies-and-procedures.html]
[www.kcl.ac.uk/about/work-at-kings.html]
[www.kcl.ac.uk/about/our-people.html]
[www.kcl.ac.uk/alumni.html]
[www.kcl.ac.uk/search/courses2fd3.html]
[www.kcl.ac.uk/newimages/study/marcomms/students/students-bush-house.xa813b5f16bbe.png]
[www.kcl.ac.uk/study/undergraduate/subject-areas.html]
[www.kcl.ac.uk/study/undergraduate/how-to-apply.html]
[www.kcl.ac.uk/study/undergraduate/events/open-days.html]
[www.kcl.ac.uk/newimages/ah/faculty-pages/students.xfed6bbbf2502.jpg]
[www.kcl.ac.uk/study/postgraduate-taught/subject-areas.html]
[www.kcl.ac.uk/study/postgraduate-taught/how-to-apply.html]
[www.kcl.ac.uk/study-legacy/postgraduate/fees-and-funding.html]
[www.kcl.ac.uk/newimages/careers/ee/student-laptop-cropped-800x430.x814e9d7b2502.png]
[www.kcl.ac.uk/study/postgraduate-research/how-to-apply.html]
[www.kcl.ac.uk/study/postgraduate-research/funding.html]
[www.kcl.ac.uk/newimages/study/offer-holder-hub/kings-foundations-students-seminar-thumbnail.xbe2928d71d6c.jpg]
[www.kcl.ac.uk/international-foundation.html]
